Info: Starting: Create HDL design files for synthesis
Info: qsys-generate C:\Users\Sam\Documents\Cours\Projet_ZZ3\Block_Nios_PIO\nios_pio.qsys --synthesis=VHDL --output-directory=C:\Users\Sam\Documents\Cours\Projet_ZZ3\Block_Nios_PIO\nios_pio\synthesis --family="MAX 10" --part=10M50DAF484C7G
Progress: Loading Block_Nios_PIO/nios_pio.qsys
Progress: Reading input file
Progress: Adding clk_0 [clock_source 25.1]
Progress: Parameterizing module clk_0
Progress: Adding intel_niosv_c_0 [intel_niosv_c 4.1.0]
Progress: Parameterizing module intel_niosv_c_0
Progress: Adding jtag_uart_0 [altera_avalon_jtag_uart 25.1]
Progress: Parameterizing module jtag_uart_0
Progress: Adding onchip_memory2_0 [altera_avalon_onchip_memory2 25.1]
Progress: Parameterizing module onchip_memory2_0
Progress: Adding pio_0 [altera_avalon_pio 25.1]
Progress: Parameterizing module pio_0
Progress: Building connections
Progress: Parameterizing connections
Progress: Validating
Progress: Done reading input file
Warning: nios_pio.intel_niosv_c_0: Properties (associatedClock) have been set on interface reset - in composed mode these are ignored
Warning: nios_pio.intel_niosv_c_0: Properties (associatedClock,associatedReset) have been set on interface instruction_manager - in composed mode these are ignored
Warning: nios_pio.intel_niosv_c_0: Properties (associatedClock,associatedReset) have been set on interface data_manager - in composed mode these are ignored
Info: nios_pio.jtag_uart_0: JTAG UART IP input clock need to be at least double (2x) the operating frequency of JTAG TCK on board
Warning: nios_pio.jtag_uart_0: Interrupt sender jtag_uart_0.irq is not connected to an interrupt receiver
Info: nios_pio: Generating "nios_pio" for QUARTUS_SYNTH
Info: intel_niosv_c_0: "nios_pio" instantiated intel_niosv_c "intel_niosv_c_0"
Info: jtag_uart_0: "nios_pio" instantiated altera_avalon_jtag_uart "jtag_uart_0"
Info: onchip_memory2_0: Starting RTL generation for module 'nios_pio_onchip_memory2_0'
Info: onchip_memory2_0:   Generation command is [exec cmd /c {set LC_ALL=C&& C:/altera_lite/25.1std/quartus/bin64/perl/bin/perl.exe -I C:/altera_lite/25.1std/quartus/bin64/perl/lib -I C:/altera_lite/25.1std/quartus/sopc_builder/bin/europa -I C:/altera_lite/25.1std/quartus/sopc_builder/bin -I C:/altera_lite/25.1std/quartus/../ip/altera/sopc_builder_ip/common -I C:/altera_lite/25.1std/quartus/../ip/altera/sopc_builder_ip/altera_avalon_onchip_memory2 -- C:/altera_lite/25.1std/quartus/../ip/altera/sopc_builder_ip/altera_avalon_onchip_memory2/generate_rtl.pl --name=nios_pio_onchip_memory2_0 --dir=C:/Users/Sam/AppData/Local/Temp/alt0480_3973276068876617501.dir/0003_onchip_memory2_0_gen/ --quartus_dir=C:/altera_lite/25.1std/quartus --verilog --config=C:/Users/Sam/AppData/Local/Temp/alt0480_3973276068876617501.dir/0003_onchip_memory2_0_gen//nios_pio_onchip_memory2_0_component_configuration.pl --do_build_sim=0}]
Info: onchip_memory2_0: Done RTL generation for module 'nios_pio_onchip_memory2_0'
Info: onchip_memory2_0: "nios_pio" instantiated altera_avalon_onchip_memory2 "onchip_memory2_0"
Info: pio_0: Starting RTL generation for module 'nios_pio_pio_0'
Info: pio_0:   Generation command is [exec cmd /c {set LC_ALL=C&& C:/altera_lite/25.1std/quartus/bin64/perl/bin/perl.exe -I C:/altera_lite/25.1std/quartus/bin64/perl/lib -I C:/altera_lite/25.1std/quartus/sopc_builder/bin/europa -I C:/altera_lite/25.1std/quartus/sopc_builder/bin -I C:/altera_lite/25.1std/quartus/../ip/altera/sopc_builder_ip/common -I C:/altera_lite/25.1std/quartus/../ip/altera/sopc_builder_ip/altera_avalon_pio -- C:/altera_lite/25.1std/quartus/../ip/altera/sopc_builder_ip/altera_avalon_pio/generate_rtl.pl --name=nios_pio_pio_0 --dir=C:/Users/Sam/AppData/Local/Temp/alt0480_3973276068876617501.dir/0004_pio_0_gen/ --quartus_dir=C:/altera_lite/25.1std/quartus --verilog --config=C:/Users/Sam/AppData/Local/Temp/alt0480_3973276068876617501.dir/0004_pio_0_gen//nios_pio_pio_0_component_configuration.pl --do_build_sim=0}]
Info: pio_0: Done RTL generation for module 'nios_pio_pio_0'
Info: pio_0: "nios_pio" instantiated altera_avalon_pio "pio_0"
Info: avalon_st_adapter: Inserting error_adapter: error_adapter_0
Info: avalon_st_adapter_001: Inserting error_adapter: error_adapter_0
Info: avalon_st_adapter_002: Inserting error_adapter: error_adapter_0
Info: mm_interconnect_0: "nios_pio" instantiated altera_mm_interconnect "mm_interconnect_0"
Info: rst_controller: "nios_pio" instantiated altera_reset_controller "rst_controller"
Info: niosv_reset_controller: "Generating: niosv_reset_controller"
Info: core: "intel_niosv_c_0" instantiated intel_niosv_c_unit "core"
Info: intel_niosv_c_0_data_manager_translator: "mm_interconnect_0" instantiated altera_merlin_master_translator "intel_niosv_c_0_data_manager_translator"
Info: jtag_uart_0_avalon_jtag_slave_translator: "mm_interconnect_0" instantiated altera_merlin_slave_translator "jtag_uart_0_avalon_jtag_slave_translator"
Info: intel_niosv_c_0_data_manager_agent: "mm_interconnect_0" instantiated altera_merlin_master_agent "intel_niosv_c_0_data_manager_agent"
Info: jtag_uart_0_avalon_jtag_slave_agent: "mm_interconnect_0" instantiated altera_merlin_slave_agent "jtag_uart_0_avalon_jtag_slave_agent"
Info: jtag_uart_0_avalon_jtag_slave_agent_rsp_fifo: "mm_interconnect_0" instantiated altera_avalon_sc_fifo "jtag_uart_0_avalon_jtag_slave_agent_rsp_fifo"
Info: router: "mm_interconnect_0" instantiated altera_merlin_router "router"
Info: router_001: "mm_interconnect_0" instantiated altera_merlin_router "router_001"
Info: router_002: "mm_interconnect_0" instantiated altera_merlin_router "router_002"
Info: router_003: "mm_interconnect_0" instantiated altera_merlin_router "router_003"
Info: intel_niosv_c_0_data_manager_limiter: "mm_interconnect_0" instantiated altera_merlin_traffic_limiter "intel_niosv_c_0_data_manager_limiter"
Info: Reusing file C:/Users/Sam/Documents/Cours/Projet_ZZ3/Block_Nios_PIO/nios_pio/synthesis/submodules/altera_avalon_sc_fifo.v
Info: cmd_demux: "mm_interconnect_0" instantiated altera_merlin_demultiplexer "cmd_demux"
Info: cmd_demux_001: "mm_interconnect_0" instantiated altera_merlin_demultiplexer "cmd_demux_001"
Info: cmd_mux: "mm_interconnect_0" instantiated altera_merlin_multiplexer "cmd_mux"
Info: cmd_mux_001: "mm_interconnect_0" instantiated altera_merlin_multiplexer "cmd_mux_001"
Info: Reusing file C:/Users/Sam/Documents/Cours/Projet_ZZ3/Block_Nios_PIO/nios_pio/synthesis/submodules/altera_merlin_arbitrator.sv
Info: rsp_demux_001: "mm_interconnect_0" instantiated altera_merlin_demultiplexer "rsp_demux_001"
Info: rsp_mux: "mm_interconnect_0" instantiated altera_merlin_multiplexer "rsp_mux"
Info: Reusing file C:/Users/Sam/Documents/Cours/Projet_ZZ3/Block_Nios_PIO/nios_pio/synthesis/submodules/altera_merlin_arbitrator.sv
Info: rsp_mux_001: "mm_interconnect_0" instantiated altera_merlin_multiplexer "rsp_mux_001"
Info: Reusing file C:/Users/Sam/Documents/Cours/Projet_ZZ3/Block_Nios_PIO/nios_pio/synthesis/submodules/altera_merlin_arbitrator.sv
Info: avalon_st_adapter: "mm_interconnect_0" instantiated altera_avalon_st_adapter "avalon_st_adapter"
Info: niosv_reset_controller: "core" instantiated intel_niosv_c_unit "niosv_reset_controller"
Info: error_adapter_0: "avalon_st_adapter" instantiated error_adapter "error_adapter_0"
Info: nios_pio: Done "nios_pio" with 28 modules, 60 files
Info: qsys-generate succeeded.
Info: Finished: Create HDL design files for synthesis
