Flow report for Block_Nios_PIO
Tue Feb  3 19:34:19 2026
Quartus Prime Version 25.1std.0 Build 1129 10/21/2025 SC Lite Edition


---------------------
; Table of Contents ;
---------------------
  1. Legal Notice
  2. Flow Summary
  3. Flow Settings
  4. Flow Non-Default Global Settings
  5. Flow Elapsed Time
  6. Flow OS Summary
  7. Flow Log
  8. Flow Messages
  9. Flow Suppressed Messages



----------------
; Legal Notice ;
----------------
Copyright (C) 2025  Altera Corporation. All rights reserved.
Your use of Altera Corporation's design tools, logic functions 
and other software and tools, and any partner logic 
functions, and any output files from any of the foregoing 
(including device programming or simulation files), and any 
associated documentation or information are expressly subject 
to the terms and conditions of the Altera Program License 
Subscription Agreement, the Altera Quartus Prime License Agreement,
the Altera IP License Agreement, or other applicable license
agreement, including, without limitation, that your use is for
the sole purpose of programming logic devices manufactured by
Altera and sold by Altera or its authorized distributors.  Please
refer to the Altera Software License Subscription Agreements 
on the Quartus Prime software download page.



+--------------------------------------------------------------------------------------+
; Flow Summary                                                                         ;
+------------------------------------+-------------------------------------------------+
; Flow Status                        ; Successful - Tue Feb  3 19:34:19 2026           ;
; Quartus Prime Version              ; 25.1std.0 Build 1129 10/21/2025 SC Lite Edition ;
; Revision Name                      ; Block_Nios_PIO                                  ;
; Top-level Entity Name              ; block_nios_pio                                  ;
; Family                             ; MAX 10                                          ;
; Device                             ; 10M50DAF484C7G                                  ;
; Timing Models                      ; Final                                           ;
; Total logic elements               ; 5,451 / 49,760 ( 11 % )                         ;
;     Total combinational functions  ; 4,787 / 49,760 ( 10 % )                         ;
;     Dedicated logic registers      ; 2,907 / 49,760 ( 6 % )                          ;
; Total registers                    ; 2907                                            ;
; Total pins                         ; 3 / 360 ( < 1 % )                               ;
; Total virtual pins                 ; 0                                               ;
; Total memory bits                  ; 1,053,824 / 1,677,312 ( 63 % )                  ;
; Embedded Multiplier 9-bit elements ; 0 / 288 ( 0 % )                                 ;
; Total PLLs                         ; 0 / 4 ( 0 % )                                   ;
; UFM blocks                         ; 0 / 1 ( 0 % )                                   ;
; ADC blocks                         ; 0 / 2 ( 0 % )                                   ;
+------------------------------------+-------------------------------------------------+


+-----------------------------------------+
; Flow Settings                           ;
+-------------------+---------------------+
; Option            ; Setting             ;
+-------------------+---------------------+
; Start date & time ; 02/03/2026 19:33:32 ;
; Main task         ; Compilation         ;
; Revision Name     ; Block_Nios_PIO      ;
+-------------------+---------------------+


+--------------------------------------------------------------------------------------------------------------------------------------------------------------------------------------------+
; Flow Non-Default Global Settings                                                                                                                                                           ;
+--------------------------------------+------------------------------------------------------------+--------------------------------------+-------------+-----------------------------------+
; Assignment Name                      ; Value                                                      ; Default Value                        ; Entity Name ; Section Id                        ;
+--------------------------------------+------------------------------------------------------------+--------------------------------------+-------------+-----------------------------------+
; COMPILER_SIGNATURE_ID                ; 86323102561537.177014361205384                             ; --                                   ; --          ; --                                ;
; EDA_GENERATE_FUNCTIONAL_NETLIST      ; Off                                                        ; --                                   ; --          ; eda_board_design_timing           ;
; EDA_GENERATE_FUNCTIONAL_NETLIST      ; Off                                                        ; --                                   ; --          ; eda_board_design_boundary_scan    ;
; EDA_GENERATE_FUNCTIONAL_NETLIST      ; Off                                                        ; --                                   ; --          ; eda_board_design_signal_integrity ;
; EDA_GENERATE_FUNCTIONAL_NETLIST      ; Off                                                        ; --                                   ; --          ; eda_board_design_symbol           ;
; EDA_OUTPUT_DATA_FORMAT               ; Verilog Hdl                                                ; --                                   ; --          ; eda_simulation                    ;
; EDA_SIMULATION_TOOL                  ; Questa Altera FPGA (Verilog)                               ; <None>                               ; --          ; --                                ;
; EDA_TIME_SCALE                       ; 1 ps                                                       ; --                                   ; --          ; eda_simulation                    ;
; HYBRID_FLOW_NEW_EXTRACTOR            ; On                                                         ; Off                                  ; --          ; --                                ;
; MAX_CORE_JUNCTION_TEMP               ; 85                                                         ; --                                   ; --          ; --                                ;
; MIN_CORE_JUNCTION_TEMP               ; 0                                                          ; --                                   ; --          ; --                                ;
; MISC_FILE                            ; nios_pio/synthesis/../nios_pio.cmp                         ; --                                   ; --          ; --                                ;
; MISC_FILE                            ; nios_pio/synthesis/../../nios_pio.qsys                     ; --                                   ; --          ; --                                ;
; OUTPUT_IO_TIMING_FAR_END_VMEAS       ; Half Signal Swing                                          ; --                                   ; --          ; --                                ;
; OUTPUT_IO_TIMING_FAR_END_VMEAS       ; Half Signal Swing                                          ; --                                   ; --          ; --                                ;
; OUTPUT_IO_TIMING_NEAR_END_VMEAS      ; Half Vccio                                                 ; --                                   ; --          ; --                                ;
; OUTPUT_IO_TIMING_NEAR_END_VMEAS      ; Half Vccio                                                 ; --                                   ; --          ; --                                ;
; PARTITION_COLOR                      ; -- (Not supported for targeted family)                     ; --                                   ; --          ; Top                               ;
; PARTITION_FITTER_PRESERVATION_LEVEL  ; -- (Not supported for targeted family)                     ; --                                   ; --          ; Top                               ;
; PARTITION_NETLIST_TYPE               ; -- (Not supported for targeted family)                     ; --                                   ; --          ; Top                               ;
; POWER_BOARD_THERMAL_MODEL            ; None (CONSERVATIVE)                                        ; --                                   ; --          ; --                                ;
; POWER_PRESET_COOLING_SOLUTION        ; 23 MM HEAT SINK WITH 200 LFPM AIRFLOW                      ; --                                   ; --          ; --                                ;
; PRE_MAPPING_RESYNTHESIS              ; On                                                         ; Off                                  ; --          ; --                                ;
; PROJECT_IP_REGENERATION_POLICY       ; ALWAYS_REGENERATE_IP                                       ; SKIP_REGENERATING_IP_IF_HDL_MODIFIED ; --          ; --                                ;
; PROJECT_OUTPUT_DIRECTORY             ; output_files                                               ; --                                   ; --          ; --                                ;
; SLD_FILE                             ; nios_pio/synthesis/nios_pio.regmap                         ; --                                   ; --          ; --                                ;
; SLD_FILE                             ; nios_pio/synthesis/nios_pio.debuginfo                      ; --                                   ; --          ; --                                ;
; SLD_INFO                             ; QSYS_NAME nios_pio HAS_SOPCINFO 1 GENERATION_ID 1770143571 ; --                                   ; nios_pio    ; --                                ;
; SOPCINFO_FILE                        ; nios_pio/synthesis/../../nios_pio.sopcinfo                 ; --                                   ; --          ; --                                ;
; SYNTHESIS_ONLY_QIP                   ; On                                                         ; --                                   ; --          ; --                                ;
; TIMING_ANALYZER_MULTICORNER_ANALYSIS ; Off                                                        ; On                                   ; --          ; --                                ;
; VERILOG_INPUT_VERSION                ; SystemVerilog_2005                                         ; Verilog_2001                         ; --          ; --                                ;
; VERILOG_SHOW_LMF_MAPPING_MESSAGES    ; Off                                                        ; --                                   ; --          ; --                                ;
; VHDL_INPUT_VERSION                   ; VHDL_2008                                                  ; VHDL_1993                            ; --          ; --                                ;
; VHDL_SHOW_LMF_MAPPING_MESSAGES       ; Off                                                        ; --                                   ; --          ; --                                ;
+--------------------------------------+------------------------------------------------------------+--------------------------------------+-------------+-----------------------------------+


+--------------------------------------------------------------------------------------------------------------------------+
; Flow Elapsed Time                                                                                                        ;
+----------------------+--------------+-------------------------+---------------------+------------------------------------+
; Module Name          ; Elapsed Time ; Average Processors Used ; Peak Virtual Memory ; Total CPU Time (on all processors) ;
+----------------------+--------------+-------------------------+---------------------+------------------------------------+
; Analysis & Synthesis ; 00:00:25     ; 1.0                     ; 5169 MB             ; 00:00:33                           ;
; Fitter               ; 00:00:11     ; 2.0                     ; 6349 MB             ; 00:00:26                           ;
; Assembler            ; 00:00:02     ; 1.0                     ; 4866 MB             ; 00:00:02                           ;
; Timing Analyzer      ; 00:00:01     ; 1.0                     ; 4885 MB             ; 00:00:01                           ;
; EDA Netlist Writer   ; 00:00:01     ; 1.0                     ; 4740 MB             ; 00:00:01                           ;
; Total                ; 00:00:40     ; --                      ; --                  ; 00:01:03                           ;
+----------------------+--------------+-------------------------+---------------------+------------------------------------+


+------------------------------------------------------------------------------------+
; Flow OS Summary                                                                    ;
+----------------------+------------------+------------+------------+----------------+
; Module Name          ; Machine Hostname ; OS Name    ; OS Version ; Processor type ;
+----------------------+------------------+------------+------------+----------------+
; Analysis & Synthesis ; DESKTOP-H94K2SC  ; Windows 10 ; 10.0       ; x86_64         ;
; Fitter               ; DESKTOP-H94K2SC  ; Windows 10 ; 10.0       ; x86_64         ;
; Assembler            ; DESKTOP-H94K2SC  ; Windows 10 ; 10.0       ; x86_64         ;
; Timing Analyzer      ; DESKTOP-H94K2SC  ; Windows 10 ; 10.0       ; x86_64         ;
; EDA Netlist Writer   ; DESKTOP-H94K2SC  ; Windows 10 ; 10.0       ; x86_64         ;
+----------------------+------------------+------------+------------+----------------+


------------
; Flow Log ;
------------
quartus_map --read_settings_files=on --write_settings_files=off Block_Nios_PIO -c Block_Nios_PIO
quartus_fit --read_settings_files=off --write_settings_files=off Block_Nios_PIO -c Block_Nios_PIO
quartus_asm --read_settings_files=off --write_settings_files=off Block_Nios_PIO -c Block_Nios_PIO
quartus_sta Block_Nios_PIO -c Block_Nios_PIO
quartus_eda --read_settings_files=off --write_settings_files=off Block_Nios_PIO -c Block_Nios_PIO



